device=cuda seed=42 -> G:\AIOT_PHASE_03\CONTINUAL-LEARING-PLANT-DESEASE\experiments\part5_turmeric_cl\outputs\base_seed42
classes: ['Aphids_Disease_', 'Blotch_', 'Dry Leaf_', 'Healthy_Leaf_', 'Leaf_Spot_']
initial_train=417 val=102 test=107
[phase1] epoch=01 loss=1.0308 val_acc=0.5196 val_f1=0.4867
[phase1] epoch=02 loss=0.5301 val_acc=0.5000 val_f1=0.4495
[phase1] epoch=03 loss=0.5668 val_acc=0.5196 val_f1=0.5108
[phase1] epoch=04 loss=0.5454 val_acc=0.7647 val_f1=0.7663
[phase1] epoch=05 loss=0.6590 val_acc=0.6275 val_f1=0.5819
[phase1] epoch=06 loss=0.5927 val_acc=0.6471 val_f1=0.6452
[phase1] epoch=07 loss=0.4514 val_acc=0.7451 val_f1=0.7358
[phase1] epoch=08 loss=0.7592 val_acc=0.7353 val_f1=0.7262
[phase1] epoch=09 loss=0.6613 val_acc=0.7647 val_f1=0.7615
[phase1] epoch=10 loss=0.5946 val_acc=0.7745 val_f1=0.7696
[phase1] epoch=11 loss=0.4444 val_acc=0.8137 val_f1=0.8107
[phase1] epoch=12 loss=0.4586 val_acc=0.7745 val_f1=0.7604
[phase1] epoch=13 loss=0.3454 val_acc=0.8235 val_f1=0.8250
[phase1] epoch=14 loss=0.6199 val_acc=0.8137 val_f1=0.8104
[phase1] epoch=15 loss=0.3781 val_acc=0.7157 val_f1=0.6853
[phase1] epoch=16 loss=0.4364 val_acc=0.8039 val_f1=0.7949
[phase1] epoch=17 loss=0.3180 val_acc=0.8824 val_f1=0.8787
[phase1] epoch=18 loss=0.3549 val_acc=0.7941 val_f1=0.7808
[phase1] epoch=19 loss=0.4564 val_acc=0.7745 val_f1=0.7498
[phase1] epoch=20 loss=0.4279 val_acc=0.9020 val_f1=0.8986
[phase1] epoch=21 loss=0.3776 val_acc=0.8235 val_f1=0.8149
[phase1] epoch=22 loss=0.4431 val_acc=0.8235 val_f1=0.8053
[phase1] epoch=23 loss=0.4396 val_acc=0.7549 val_f1=0.7266
[phase1] epoch=24 loss=0.3619 val_acc=0.7647 val_f1=0.7540
[phase1] epoch=25 loss=0.4090 val_acc=0.7843 val_f1=0.7752
[phase1] epoch=26 loss=0.3649 val_acc=0.7843 val_f1=0.7752
[phase1] epoch=27 loss=0.2834 val_acc=0.8431 val_f1=0.8384
[phase1] epoch=28 loss=0.4167 val_acc=0.8431 val_f1=0.8336
[phase1] early stop at epoch 28
[phase2] epoch=01 loss=0.4063 val_acc=0.8333 val_f1=0.8281
[phase2] epoch=02 loss=0.3343 val_acc=0.8431 val_f1=0.8280
[phase2] epoch=03 loss=0.4502 val_acc=0.8333 val_f1=0.8232
[phase2] epoch=04 loss=0.5575 val_acc=0.8529 val_f1=0.8479
[phase2] epoch=05 loss=0.5878 val_acc=0.7745 val_f1=0.7568
[phase2] epoch=06 loss=0.2618 val_acc=0.9216 val_f1=0.9197
[phase2] epoch=07 loss=0.2831 val_acc=0.8529 val_f1=0.8328
[phase2] epoch=08 loss=0.7114 val_acc=0.8725 val_f1=0.8568
[phase2] epoch=09 loss=0.4958 val_acc=0.7647 val_f1=0.7466
[phase2] epoch=10 loss=0.3461 val_acc=0.7941 val_f1=0.7743
[phase2] epoch=11 loss=0.3861 val_acc=0.8725 val_f1=0.8680
[phase2] epoch=12 loss=0.4043 val_acc=0.7647 val_f1=0.7490
[phase2] epoch=13 loss=0.4663 val_acc=0.7549 val_f1=0.7242
[phase2] epoch=14 loss=0.2626 val_acc=0.8922 val_f1=0.8837
[phase2] early stop at epoch 14

Saved G:\AIOT_PHASE_03\CONTINUAL-LEARING-PLANT-DESEASE\experiments\part5_turmeric_cl\outputs\base_seed42\checkpoints\base_model.pth
BASE test: acc=0.9159 macro_f1=0.9144
G:\AIOT_PHASE_03\CONTINUAL-LEARING-PLANT-DESEASE\experiments\part5_turmeric_cl\code\train_cl_turmeric.py:99: FutureWarning: You are using `torch.load` with `weights_only=False` (the current default value), which uses the default pickle module implicitly. It is possible to construct malicious pickle data which will execute arbitrary code during unpickling (See https://github.com/pytorch/pytorch/blob/main/SECURITY.md#untrusted-models for more details). In a future release, the default value for `weights_only` will be flipped to `True`. This limits the functions that could be executed during unpickling. Arbitrary objects will no longer be allowed to be loaded via this mode unless they are explicitly allowlisted by the user via `torch.serialization.add_safe_globals`. We recommend you start setting `weights_only=True` for any use case where you don't have full control of the loaded file. Please open an issue on GitHub for any issues related to this experimental feature.
  model.load_state_dict(torch.load(base_ckpt, map_location=device), strict=True)
device=cuda method=replay cycle=1 seed=42 -> G:\AIOT_PHASE_03\CONTINUAL-LEARING-PLANT-DESEASE\experiments\part5_turmeric_cl\outputs\replay_cycle1_seed42
stream(cl_cycle1_stream)=210 val=102 test=107
resumed from base_model.pth
incumbent test: acc=0.9159 f1=0.9144
replay buffer: 198 images
epoch=01 loss=0.2116 val_acc=0.8431 val_f1=0.8126
epoch=02 loss=0.2073 val_acc=0.8824 val_f1=0.8775
epoch=03 loss=0.1689 val_acc=0.9020 val_f1=0.8969
epoch=04 loss=0.1651 val_acc=0.8725 val_f1=0.8615
epoch=05 loss=0.1136 val_acc=0.9020 val_f1=0.8952
epoch=06 loss=0.1314 val_acc=0.9020 val_f1=0.8952
epoch=07 loss=0.1340 val_acc=0.9020 val_f1=0.8992
epoch=08 loss=0.1315 val_acc=0.9314 val_f1=0.9298
epoch=09 loss=0.1399 val_acc=0.9412 val_f1=0.9408
epoch=10 loss=0.1058 val_acc=0.9118 val_f1=0.9073
epoch=11 loss=0.1247 val_acc=0.9510 val_f1=0.9514
epoch=12 loss=0.1015 val_acc=0.9412 val_f1=0.9396

Saved G:\AIOT_PHASE_03\CONTINUAL-LEARING-PLANT-DESEASE\experiments\part5_turmeric_cl\outputs\replay_cycle1_seed42\checkpoints\model.pth
replay cycle1 test: acc=0.9346 f1=0.9355 (incumbent 0.9159)
G:\AIOT_PHASE_03\CONTINUAL-LEARING-PLANT-DESEASE\experiments\part5_turmeric_cl\code\train_cl_turmeric.py:99: FutureWarning: You are using `torch.load` with `weights_only=False` (the current default value), which uses the default pickle module implicitly. It is possible to construct malicious pickle data which will execute arbitrary code during unpickling (See https://github.com/pytorch/pytorch/blob/main/SECURITY.md#untrusted-models for more details). In a future release, the default value for `weights_only` will be flipped to `True`. This limits the functions that could be executed during unpickling. Arbitrary objects will no longer be allowed to be loaded via this mode unless they are explicitly allowlisted by the user via `torch.serialization.add_safe_globals`. We recommend you start setting `weights_only=True` for any use case where you don't have full control of the loaded file. Please open an issue on GitHub for any issues related to this experimental feature.
  model.load_state_dict(torch.load(base_ckpt, map_location=device), strict=True)
device=cuda method=replay cycle=2 seed=42 -> G:\AIOT_PHASE_03\CONTINUAL-LEARING-PLANT-DESEASE\experiments\part5_turmeric_cl\outputs\replay_cycle2_seed42
stream(cl_cycle2_stream)=207 val=102 test=107
resumed from model.pth
incumbent test: acc=0.9346 f1=0.9355
replay buffer: 198 images
epoch=01 loss=0.1380 val_acc=0.9314 val_f1=0.9298
epoch=02 loss=0.1501 val_acc=0.9020 val_f1=0.8948
epoch=03 loss=0.1016 val_acc=0.9020 val_f1=0.8987
epoch=04 loss=0.0800 val_acc=0.9216 val_f1=0.9208
epoch=05 loss=0.1120 val_acc=0.9216 val_f1=0.9201
epoch=06 loss=0.0747 val_acc=0.9118 val_f1=0.9094
epoch=07 loss=0.0988 val_acc=0.9314 val_f1=0.9309
epoch=08 loss=0.1162 val_acc=0.9314 val_f1=0.9304
epoch=09 loss=0.1033 val_acc=0.9216 val_f1=0.9199
epoch=10 loss=0.0840 val_acc=0.9216 val_f1=0.9206
epoch=11 loss=0.0884 val_acc=0.9314 val_f1=0.9298
epoch=12 loss=0.0776 val_acc=0.9314 val_f1=0.9304

Saved G:\AIOT_PHASE_03\CONTINUAL-LEARING-PLANT-DESEASE\experiments\part5_turmeric_cl\outputs\replay_cycle2_seed42\checkpoints\model.pth
replay cycle2 test: acc=0.8598 f1=0.8566 (incumbent 0.9346)
G:\AIOT_PHASE_03\CONTINUAL-LEARING-PLANT-DESEASE\experiments\part5_turmeric_cl\code\train_cl_turmeric.py:99: FutureWarning: You are using `torch.load` with `weights_only=False` (the current default value), which uses the default pickle module implicitly. It is possible to construct malicious pickle data which will execute arbitrary code during unpickling (See https://github.com/pytorch/pytorch/blob/main/SECURITY.md#untrusted-models for more details). In a future release, the default value for `weights_only` will be flipped to `True`. This limits the functions that could be executed during unpickling. Arbitrary objects will no longer be allowed to be loaded via this mode unless they are explicitly allowlisted by the user via `torch.serialization.add_safe_globals`. We recommend you start setting `weights_only=True` for any use case where you don't have full control of the loaded file. Please open an issue on GitHub for any issues related to this experimental feature.
  model.load_state_dict(torch.load(base_ckpt, map_location=device), strict=True)
device=cuda method=ewc cycle=1 seed=42 -> G:\AIOT_PHASE_03\CONTINUAL-LEARING-PLANT-DESEASE\experiments\part5_turmeric_cl\outputs\ewc_cycle1_seed42
stream(cl_cycle1_stream)=210 val=102 test=107
resumed from base_model.pth
incumbent test: acc=0.9159 f1=0.9144
fisher over 14 batches (417 imgs), lambda=10000.0
epoch=01 loss=0.2683 val_acc=0.8627 val_f1=0.8563
epoch=02 loss=0.2583 val_acc=0.8431 val_f1=0.8324
epoch=03 loss=0.2891 val_acc=0.8725 val_f1=0.8680
epoch=04 loss=0.2133 val_acc=0.8824 val_f1=0.8777
epoch=05 loss=0.2583 val_acc=0.8824 val_f1=0.8777
epoch=06 loss=0.2130 val_acc=0.8431 val_f1=0.8332
epoch=07 loss=0.1681 val_acc=0.8725 val_f1=0.8637
epoch=08 loss=0.1936 val_acc=0.8627 val_f1=0.8581
epoch=09 loss=0.1957 val_acc=0.8627 val_f1=0.8581
epoch=10 loss=0.1531 val_acc=0.8725 val_f1=0.8660
epoch=11 loss=0.1744 val_acc=0.8824 val_f1=0.8777
epoch=12 loss=0.1746 val_acc=0.8824 val_f1=0.8777
early stop at epoch 12

Saved G:\AIOT_PHASE_03\CONTINUAL-LEARING-PLANT-DESEASE\experiments\part5_turmeric_cl\outputs\ewc_cycle1_seed42\checkpoints\model.pth
ewc cycle1 test: acc=0.8692 f1=0.8671 (incumbent 0.9159)
G:\AIOT_PHASE_03\CONTINUAL-LEARING-PLANT-DESEASE\experiments\part5_turmeric_cl\code\train_cl_turmeric.py:99: FutureWarning: You are using `torch.load` with `weights_only=False` (the current default value), which uses the default pickle module implicitly. It is possible to construct malicious pickle data which will execute arbitrary code during unpickling (See https://github.com/pytorch/pytorch/blob/main/SECURITY.md#untrusted-models for more details). In a future release, the default value for `weights_only` will be flipped to `True`. This limits the functions that could be executed during unpickling. Arbitrary objects will no longer be allowed to be loaded via this mode unless they are explicitly allowlisted by the user via `torch.serialization.add_safe_globals`. We recommend you start setting `weights_only=True` for any use case where you don't have full control of the loaded file. Please open an issue on GitHub for any issues related to this experimental feature.
  model.load_state_dict(torch.load(base_ckpt, map_location=device), strict=True)
device=cuda method=ewc cycle=2 seed=42 -> G:\AIOT_PHASE_03\CONTINUAL-LEARING-PLANT-DESEASE\experiments\part5_turmeric_cl\outputs\ewc_cycle2_seed42
stream(cl_cycle2_stream)=207 val=102 test=107
resumed from model.pth
incumbent test: acc=0.8692 f1=0.8671
fisher over 20 batches (627 imgs), lambda=3000.0
epoch=01 loss=0.2998 val_acc=0.8725 val_f1=0.8680
epoch=02 loss=0.2144 val_acc=0.8725 val_f1=0.8637
epoch=03 loss=0.1633 val_acc=0.8922 val_f1=0.8827
epoch=04 loss=0.1687 val_acc=0.8922 val_f1=0.8872
epoch=05 loss=0.1648 val_acc=0.8922 val_f1=0.8872
epoch=06 loss=0.1729 val_acc=0.9118 val_f1=0.9066
epoch=07 loss=0.1628 val_acc=0.8922 val_f1=0.8888
epoch=08 loss=0.1412 val_acc=0.9020 val_f1=0.8971
epoch=09 loss=0.1683 val_acc=0.9020 val_f1=0.8971
epoch=10 loss=0.1549 val_acc=0.9020 val_f1=0.8969
epoch=11 loss=0.1540 val_acc=0.9020 val_f1=0.8969
epoch=12 loss=0.1708 val_acc=0.9314 val_f1=0.9298

Saved G:\AIOT_PHASE_03\CONTINUAL-LEARING-PLANT-DESEASE\experiments\part5_turmeric_cl\outputs\ewc_cycle2_seed42\checkpoints\model.pth
ewc cycle2 test: acc=0.8692 f1=0.8632 (incumbent 0.8692)
G:\AIOT_PHASE_03\CONTINUAL-LEARING-PLANT-DESEASE\experiments\part5_turmeric_cl\code\train_cl_turmeric.py:99: FutureWarning: You are using `torch.load` with `weights_only=False` (the current default value), which uses the default pickle module implicitly. It is possible to construct malicious pickle data which will execute arbitrary code during unpickling (See https://github.com/pytorch/pytorch/blob/main/SECURITY.md#untrusted-models for more details). In a future release, the default value for `weights_only` will be flipped to `True`. This limits the functions that could be executed during unpickling. Arbitrary objects will no longer be allowed to be loaded via this mode unless they are explicitly allowlisted by the user via `torch.serialization.add_safe_globals`. We recommend you start setting `weights_only=True` for any use case where you don't have full control of the loaded file. Please open an issue on GitHub for any issues related to this experimental feature.
  model.load_state_dict(torch.load(base_ckpt, map_location=device), strict=True)
device=cuda method=naive cycle=1 seed=42 -> G:\AIOT_PHASE_03\CONTINUAL-LEARING-PLANT-DESEASE\experiments\part5_turmeric_cl\outputs\naive_cycle1_seed42
stream(cl_cycle1_stream)=210 val=102 test=107
resumed from base_model.pth
incumbent test: acc=0.9159 f1=0.9144
epoch=01 loss=0.3112 val_acc=0.8039 val_f1=0.7854
epoch=02 loss=0.2559 val_acc=0.7941 val_f1=0.7443
epoch=03 loss=0.2853 val_acc=0.7843 val_f1=0.7580
epoch=04 loss=0.2158 val_acc=0.8431 val_f1=0.8350
epoch=05 loss=0.1636 val_acc=0.9020 val_f1=0.9010
epoch=06 loss=0.2279 val_acc=0.8824 val_f1=0.8770
epoch=07 loss=0.1077 val_acc=0.8725 val_f1=0.8655
epoch=08 loss=0.1519 val_acc=0.8627 val_f1=0.8577
epoch=09 loss=0.1336 val_acc=0.8725 val_f1=0.8664
epoch=10 loss=0.1458 val_acc=0.8627 val_f1=0.8577
epoch=11 loss=0.1426 val_acc=0.8725 val_f1=0.8680
epoch=12 loss=0.1646 val_acc=0.9020 val_f1=0.8986

Saved G:\AIOT_PHASE_03\CONTINUAL-LEARING-PLANT-DESEASE\experiments\part5_turmeric_cl\outputs\naive_cycle1_seed42\checkpoints\model.pth
naive cycle1 test: acc=0.8972 f1=0.8970 (incumbent 0.9159)
G:\AIOT_PHASE_03\CONTINUAL-LEARING-PLANT-DESEASE\experiments\part5_turmeric_cl\code\train_cl_turmeric.py:99: FutureWarning: You are using `torch.load` with `weights_only=False` (the current default value), which uses the default pickle module implicitly. It is possible to construct malicious pickle data which will execute arbitrary code during unpickling (See https://github.com/pytorch/pytorch/blob/main/SECURITY.md#untrusted-models for more details). In a future release, the default value for `weights_only` will be flipped to `True`. This limits the functions that could be executed during unpickling. Arbitrary objects will no longer be allowed to be loaded via this mode unless they are explicitly allowlisted by the user via `torch.serialization.add_safe_globals`. We recommend you start setting `weights_only=True` for any use case where you don't have full control of the loaded file. Please open an issue on GitHub for any issues related to this experimental feature.
  model.load_state_dict(torch.load(base_ckpt, map_location=device), strict=True)
device=cuda method=naive cycle=2 seed=42 -> G:\AIOT_PHASE_03\CONTINUAL-LEARING-PLANT-DESEASE\experiments\part5_turmeric_cl\outputs\naive_cycle2_seed42
stream(cl_cycle2_stream)=207 val=102 test=107
resumed from model.pth
incumbent test: acc=0.8972 f1=0.8970
epoch=01 loss=0.1720 val_acc=0.8922 val_f1=0.8856
epoch=02 loss=0.1766 val_acc=0.9020 val_f1=0.8969
epoch=03 loss=0.2178 val_acc=0.8725 val_f1=0.8674
epoch=04 loss=0.2040 val_acc=0.8333 val_f1=0.8252
epoch=05 loss=0.1542 val_acc=0.8431 val_f1=0.8350
epoch=06 loss=0.2015 val_acc=0.8725 val_f1=0.8629
epoch=07 loss=0.2341 val_acc=0.8725 val_f1=0.8629
epoch=08 loss=0.1508 val_acc=0.8627 val_f1=0.8495
epoch=09 loss=0.1400 val_acc=0.8824 val_f1=0.8742
epoch=10 loss=0.1258 val_acc=0.9020 val_f1=0.8979
epoch=11 loss=0.1350 val_acc=0.8922 val_f1=0.8866
epoch=12 loss=0.1519 val_acc=0.8922 val_f1=0.8866

Saved G:\AIOT_PHASE_03\CONTINUAL-LEARING-PLANT-DESEASE\experiments\part5_turmeric_cl\outputs\naive_cycle2_seed42\checkpoints\model.pth
naive cycle2 test: acc=0.8598 f1=0.8548 (incumbent 0.8972)
device=cuda seed=43 -> G:\AIOT_PHASE_03\CONTINUAL-LEARING-PLANT-DESEASE\experiments\part5_turmeric_cl\outputs\base_seed43
classes: ['Aphids_Disease_', 'Blotch_', 'Dry Leaf_', 'Healthy_Leaf_', 'Leaf_Spot_']
initial_train=417 val=102 test=107
[phase1] epoch=01 loss=1.0418 val_acc=0.5784 val_f1=0.5443
[phase1] epoch=02 loss=0.6286 val_acc=0.5784 val_f1=0.5384
[phase1] epoch=03 loss=0.5815 val_acc=0.5294 val_f1=0.4918
[phase1] epoch=04 loss=0.3596 val_acc=0.6667 val_f1=0.6260
[phase1] epoch=05 loss=0.5297 val_acc=0.5686 val_f1=0.5125
[phase1] epoch=06 loss=0.4500 val_acc=0.7647 val_f1=0.7696
[phase1] epoch=07 loss=0.5913 val_acc=0.6373 val_f1=0.6039
[phase1] epoch=08 loss=0.7330 val_acc=0.7647 val_f1=0.7571
[phase1] epoch=09 loss=0.5244 val_acc=0.7255 val_f1=0.7016
[phase1] epoch=10 loss=0.3655 val_acc=0.8235 val_f1=0.8111
[phase1] epoch=11 loss=0.5922 val_acc=0.7549 val_f1=0.7303
[phase1] epoch=12 loss=0.7895 val_acc=0.7745 val_f1=0.7621
[phase1] epoch=13 loss=0.4816 val_acc=0.8137 val_f1=0.7954
[phase1] epoch=14 loss=0.4191 val_acc=0.8137 val_f1=0.8046
[phase1] epoch=15 loss=0.5902 val_acc=0.8431 val_f1=0.8349
[phase1] epoch=16 loss=0.5267 val_acc=0.7549 val_f1=0.7430
[phase1] epoch=17 loss=0.3707 val_acc=0.8431 val_f1=0.8375
[phase1] epoch=18 loss=0.3867 val_acc=0.8333 val_f1=0.8202
[phase1] epoch=19 loss=0.4378 val_acc=0.7451 val_f1=0.7115
[phase1] epoch=20 loss=0.5036 val_acc=0.7745 val_f1=0.7548
[phase1] epoch=21 loss=0.3699 val_acc=0.8725 val_f1=0.8666
[phase1] epoch=22 loss=0.3830 val_acc=0.8431 val_f1=0.8349
[phase1] epoch=23 loss=0.4335 val_acc=0.8431 val_f1=0.8290
[phase1] epoch=24 loss=0.4635 val_acc=0.7353 val_f1=0.7054
[phase1] epoch=25 loss=0.6164 val_acc=0.8039 val_f1=0.7897
[phase1] epoch=26 loss=0.3594 val_acc=0.8333 val_f1=0.8206
[phase1] epoch=27 loss=0.2664 val_acc=0.8137 val_f1=0.7940
[phase1] epoch=28 loss=0.2278 val_acc=0.7941 val_f1=0.7735
[phase1] epoch=29 loss=0.4101 val_acc=0.8333 val_f1=0.8230
[phase1] early stop at epoch 29
[phase2] epoch=01 loss=0.2877 val_acc=0.8627 val_f1=0.8509
[phase2] epoch=02 loss=0.2339 val_acc=0.7255 val_f1=0.7043
[phase2] epoch=03 loss=0.4917 val_acc=0.8333 val_f1=0.8271
[phase2] epoch=04 loss=0.4198 val_acc=0.7353 val_f1=0.7122
[phase2] epoch=05 loss=0.4193 val_acc=0.8627 val_f1=0.8555
[phase2] epoch=06 loss=0.4696 val_acc=0.8431 val_f1=0.8346
[phase2] epoch=07 loss=0.5810 val_acc=0.8431 val_f1=0.8343
[phase2] epoch=08 loss=0.5334 val_acc=0.7451 val_f1=0.7253
[phase2] epoch=09 loss=0.2322 val_acc=0.8922 val_f1=0.8899
[phase2] epoch=10 loss=0.3833 val_acc=0.8235 val_f1=0.8140
[phase2] epoch=11 loss=0.6037 val_acc=0.7353 val_f1=0.6921
[phase2] epoch=12 loss=0.5634 val_acc=0.8627 val_f1=0.8587
[phase2] epoch=13 loss=0.3543 val_acc=0.8824 val_f1=0.8797
[phase2] epoch=14 loss=0.3775 val_acc=0.8627 val_f1=0.8591
[phase2] epoch=15 loss=0.1400 val_acc=0.8627 val_f1=0.8446
[phase2] epoch=16 loss=0.4042 val_acc=0.8627 val_f1=0.8446
[phase2] epoch=17 loss=0.3476 val_acc=0.7843 val_f1=0.7722
[phase2] early stop at epoch 17

Saved G:\AIOT_PHASE_03\CONTINUAL-LEARING-PLANT-DESEASE\experiments\part5_turmeric_cl\outputs\base_seed43\checkpoints\base_model.pth
BASE test: acc=0.8879 macro_f1=0.8895
G:\AIOT_PHASE_03\CONTINUAL-LEARING-PLANT-DESEASE\experiments\part5_turmeric_cl\code\train_cl_turmeric.py:99: FutureWarning: You are using `torch.load` with `weights_only=False` (the current default value), which uses the default pickle module implicitly. It is possible to construct malicious pickle data which will execute arbitrary code during unpickling (See https://github.com/pytorch/pytorch/blob/main/SECURITY.md#untrusted-models for more details). In a future release, the default value for `weights_only` will be flipped to `True`. This limits the functions that could be executed during unpickling. Arbitrary objects will no longer be allowed to be loaded via this mode unless they are explicitly allowlisted by the user via `torch.serialization.add_safe_globals`. We recommend you start setting `weights_only=True` for any use case where you don't have full control of the loaded file. Please open an issue on GitHub for any issues related to this experimental feature.
  model.load_state_dict(torch.load(base_ckpt, map_location=device), strict=True)
device=cuda method=replay cycle=1 seed=43 -> G:\AIOT_PHASE_03\CONTINUAL-LEARING-PLANT-DESEASE\experiments\part5_turmeric_cl\outputs\replay_cycle1_seed43
stream(cl_cycle1_stream)=210 val=102 test=107
resumed from base_model.pth
incumbent test: acc=0.8879 f1=0.8895
replay buffer: 198 images
epoch=01 loss=0.2128 val_acc=0.7843 val_f1=0.7644
epoch=02 loss=0.1552 val_acc=0.8627 val_f1=0.8561
epoch=03 loss=0.1326 val_acc=0.8922 val_f1=0.8884
epoch=04 loss=0.1166 val_acc=0.8529 val_f1=0.8436
epoch=05 loss=0.1535 val_acc=0.8627 val_f1=0.8580
epoch=06 loss=0.1567 val_acc=0.8725 val_f1=0.8634
epoch=07 loss=0.1409 val_acc=0.8627 val_f1=0.8560
epoch=08 loss=0.1258 val_acc=0.8529 val_f1=0.8420
epoch=09 loss=0.1038 val_acc=0.8824 val_f1=0.8765
epoch=10 loss=0.0794 val_acc=0.8824 val_f1=0.8784
epoch=11 loss=0.1110 val_acc=0.9118 val_f1=0.9104
epoch=12 loss=0.0919 val_acc=0.9118 val_f1=0.9104

Saved G:\AIOT_PHASE_03\CONTINUAL-LEARING-PLANT-DESEASE\experiments\part5_turmeric_cl\outputs\replay_cycle1_seed43\checkpoints\model.pth
replay cycle1 test: acc=0.8879 f1=0.8806 (incumbent 0.8879)
G:\AIOT_PHASE_03\CONTINUAL-LEARING-PLANT-DESEASE\experiments\part5_turmeric_cl\code\train_cl_turmeric.py:99: FutureWarning: You are using `torch.load` with `weights_only=False` (the current default value), which uses the default pickle module implicitly. It is possible to construct malicious pickle data which will execute arbitrary code during unpickling (See https://github.com/pytorch/pytorch/blob/main/SECURITY.md#untrusted-models for more details). In a future release, the default value for `weights_only` will be flipped to `True`. This limits the functions that could be executed during unpickling. Arbitrary objects will no longer be allowed to be loaded via this mode unless they are explicitly allowlisted by the user via `torch.serialization.add_safe_globals`. We recommend you start setting `weights_only=True` for any use case where you don't have full control of the loaded file. Please open an issue on GitHub for any issues related to this experimental feature.
  model.load_state_dict(torch.load(base_ckpt, map_location=device), strict=True)
device=cuda method=replay cycle=2 seed=43 -> G:\AIOT_PHASE_03\CONTINUAL-LEARING-PLANT-DESEASE\experiments\part5_turmeric_cl\outputs\replay_cycle2_seed43
stream(cl_cycle2_stream)=207 val=102 test=107
resumed from model.pth
incumbent test: acc=0.8879 f1=0.8806
replay buffer: 198 images
epoch=01 loss=0.1123 val_acc=0.8725 val_f1=0.8675
epoch=02 loss=0.1175 val_acc=0.8725 val_f1=0.8663
epoch=03 loss=0.1303 val_acc=0.8824 val_f1=0.8784
epoch=04 loss=0.0732 val_acc=0.9020 val_f1=0.9000
epoch=05 loss=0.1224 val_acc=0.9118 val_f1=0.9107
epoch=06 loss=0.0749 val_acc=0.9020 val_f1=0.8994
epoch=07 loss=0.0991 val_acc=0.9020 val_f1=0.8981
epoch=08 loss=0.0857 val_acc=0.9216 val_f1=0.9213
epoch=09 loss=0.0731 val_acc=0.9020 val_f1=0.8993
epoch=10 loss=0.0614 val_acc=0.9020 val_f1=0.8993
epoch=11 loss=0.0548 val_acc=0.9314 val_f1=0.9307
epoch=12 loss=0.0814 val_acc=0.9510 val_f1=0.9512

Saved G:\AIOT_PHASE_03\CONTINUAL-LEARING-PLANT-DESEASE\experiments\part5_turmeric_cl\outputs\replay_cycle2_seed43\checkpoints\model.pth
replay cycle2 test: acc=0.9252 f1=0.9260 (incumbent 0.8879)
G:\AIOT_PHASE_03\CONTINUAL-LEARING-PLANT-DESEASE\experiments\part5_turmeric_cl\code\train_cl_turmeric.py:99: FutureWarning: You are using `torch.load` with `weights_only=False` (the current default value), which uses the default pickle module implicitly. It is possible to construct malicious pickle data which will execute arbitrary code during unpickling (See https://github.com/pytorch/pytorch/blob/main/SECURITY.md#untrusted-models for more details). In a future release, the default value for `weights_only` will be flipped to `True`. This limits the functions that could be executed during unpickling. Arbitrary objects will no longer be allowed to be loaded via this mode unless they are explicitly allowlisted by the user via `torch.serialization.add_safe_globals`. We recommend you start setting `weights_only=True` for any use case where you don't have full control of the loaded file. Please open an issue on GitHub for any issues related to this experimental feature.
  model.load_state_dict(torch.load(base_ckpt, map_location=device), strict=True)
device=cuda method=ewc cycle=1 seed=43 -> G:\AIOT_PHASE_03\CONTINUAL-LEARING-PLANT-DESEASE\experiments\part5_turmeric_cl\outputs\ewc_cycle1_seed43
stream(cl_cycle1_stream)=210 val=102 test=107
resumed from base_model.pth
incumbent test: acc=0.8879 f1=0.8895
fisher over 14 batches (417 imgs), lambda=10000.0
epoch=01 loss=0.2790 val_acc=0.8627 val_f1=0.8580
epoch=02 loss=0.2789 val_acc=0.8431 val_f1=0.8337
epoch=03 loss=0.1769 val_acc=0.8627 val_f1=0.8555
epoch=04 loss=0.2655 val_acc=0.8627 val_f1=0.8580
epoch=05 loss=0.2438 val_acc=0.9020 val_f1=0.9002
epoch=06 loss=0.1728 val_acc=0.8922 val_f1=0.8899
epoch=07 loss=0.2568 val_acc=0.8627 val_f1=0.8580
epoch=08 loss=0.2267 val_acc=0.8824 val_f1=0.8752
epoch=09 loss=0.1485 val_acc=0.8627 val_f1=0.8570
epoch=10 loss=0.2324 val_acc=0.8627 val_f1=0.8570
epoch=11 loss=0.1833 val_acc=0.8725 val_f1=0.8690
epoch=12 loss=0.2115 val_acc=0.8725 val_f1=0.8690

Saved G:\AIOT_PHASE_03\CONTINUAL-LEARING-PLANT-DESEASE\experiments\part5_turmeric_cl\outputs\ewc_cycle1_seed43\checkpoints\model.pth
ewc cycle1 test: acc=0.8598 f1=0.8597 (incumbent 0.8879)
G:\AIOT_PHASE_03\CONTINUAL-LEARING-PLANT-DESEASE\experiments\part5_turmeric_cl\code\train_cl_turmeric.py:99: FutureWarning: You are using `torch.load` with `weights_only=False` (the current default value), which uses the default pickle module implicitly. It is possible to construct malicious pickle data which will execute arbitrary code during unpickling (See https://github.com/pytorch/pytorch/blob/main/SECURITY.md#untrusted-models for more details). In a future release, the default value for `weights_only` will be flipped to `True`. This limits the functions that could be executed during unpickling. Arbitrary objects will no longer be allowed to be loaded via this mode unless they are explicitly allowlisted by the user via `torch.serialization.add_safe_globals`. We recommend you start setting `weights_only=True` for any use case where you don't have full control of the loaded file. Please open an issue on GitHub for any issues related to this experimental feature.
  model.load_state_dict(torch.load(base_ckpt, map_location=device), strict=True)
device=cuda method=ewc cycle=2 seed=43 -> G:\AIOT_PHASE_03\CONTINUAL-LEARING-PLANT-DESEASE\experiments\part5_turmeric_cl\outputs\ewc_cycle2_seed43
stream(cl_cycle2_stream)=207 val=102 test=107
resumed from model.pth
incumbent test: acc=0.8598 f1=0.8597
fisher over 20 batches (627 imgs), lambda=3000.0
epoch=01 loss=0.2460 val_acc=0.8725 val_f1=0.8682
epoch=02 loss=0.1912 val_acc=0.8627 val_f1=0.8570
epoch=03 loss=0.1712 val_acc=0.8824 val_f1=0.8788
epoch=04 loss=0.2110 val_acc=0.8824 val_f1=0.8788
epoch=05 loss=0.1234 val_acc=0.8627 val_f1=0.8572
epoch=06 loss=0.1964 val_acc=0.8529 val_f1=0.8451
epoch=07 loss=0.2396 val_acc=0.8725 val_f1=0.8654
epoch=08 loss=0.1662 val_acc=0.8824 val_f1=0.8756
epoch=09 loss=0.1335 val_acc=0.8922 val_f1=0.8852
epoch=10 loss=0.2289 val_acc=0.8922 val_f1=0.8852
epoch=11 loss=0.1855 val_acc=0.9118 val_f1=0.9097
epoch=12 loss=0.1428 val_acc=0.9118 val_f1=0.9097

Saved G:\AIOT_PHASE_03\CONTINUAL-LEARING-PLANT-DESEASE\experiments\part5_turmeric_cl\outputs\ewc_cycle2_seed43\checkpoints\model.pth
ewc cycle2 test: acc=0.8972 f1=0.8946 (incumbent 0.8598)
G:\AIOT_PHASE_03\CONTINUAL-LEARING-PLANT-DESEASE\experiments\part5_turmeric_cl\code\train_cl_turmeric.py:99: FutureWarning: You are using `torch.load` with `weights_only=False` (the current default value), which uses the default pickle module implicitly. It is possible to construct malicious pickle data which will execute arbitrary code during unpickling (See https://github.com/pytorch/pytorch/blob/main/SECURITY.md#untrusted-models for more details). In a future release, the default value for `weights_only` will be flipped to `True`. This limits the functions that could be executed during unpickling. Arbitrary objects will no longer be allowed to be loaded via this mode unless they are explicitly allowlisted by the user via `torch.serialization.add_safe_globals`. We recommend you start setting `weights_only=True` for any use case where you don't have full control of the loaded file. Please open an issue on GitHub for any issues related to this experimental feature.
  model.load_state_dict(torch.load(base_ckpt, map_location=device), strict=True)
device=cuda method=naive cycle=1 seed=43 -> G:\AIOT_PHASE_03\CONTINUAL-LEARING-PLANT-DESEASE\experiments\part5_turmeric_cl\outputs\naive_cycle1_seed43
stream(cl_cycle1_stream)=210 val=102 test=107
resumed from base_model.pth
incumbent test: acc=0.8879 f1=0.8895
epoch=01 loss=0.2394 val_acc=0.7941 val_f1=0.7783
epoch=02 loss=0.2948 val_acc=0.7941 val_f1=0.7708
epoch=03 loss=0.2408 val_acc=0.8137 val_f1=0.7997
epoch=04 loss=0.1289 val_acc=0.8529 val_f1=0.8455
epoch=05 loss=0.2316 val_acc=0.8627 val_f1=0.8555
epoch=06 loss=0.0961 val_acc=0.8431 val_f1=0.8329
epoch=07 loss=0.1013 val_acc=0.8333 val_f1=0.8203
epoch=08 loss=0.1292 val_acc=0.8333 val_f1=0.8238
epoch=09 loss=0.1260 val_acc=0.8333 val_f1=0.8206
epoch=10 loss=0.1340 val_acc=0.8431 val_f1=0.8329
epoch=11 loss=0.1117 val_acc=0.8529 val_f1=0.8460
epoch=12 loss=0.1125 val_acc=0.8725 val_f1=0.8682

Saved G:\AIOT_PHASE_03\CONTINUAL-LEARING-PLANT-DESEASE\experiments\part5_turmeric_cl\outputs\naive_cycle1_seed43\checkpoints\model.pth
naive cycle1 test: acc=0.8505 f1=0.8478 (incumbent 0.8879)
G:\AIOT_PHASE_03\CONTINUAL-LEARING-PLANT-DESEASE\experiments\part5_turmeric_cl\code\train_cl_turmeric.py:99: FutureWarning: You are using `torch.load` with `weights_only=False` (the current default value), which uses the default pickle module implicitly. It is possible to construct malicious pickle data which will execute arbitrary code during unpickling (See https://github.com/pytorch/pytorch/blob/main/SECURITY.md#untrusted-models for more details). In a future release, the default value for `weights_only` will be flipped to `True`. This limits the functions that could be executed during unpickling. Arbitrary objects will no longer be allowed to be loaded via this mode unless they are explicitly allowlisted by the user via `torch.serialization.add_safe_globals`. We recommend you start setting `weights_only=True` for any use case where you don't have full control of the loaded file. Please open an issue on GitHub for any issues related to this experimental feature.
  model.load_state_dict(torch.load(base_ckpt, map_location=device), strict=True)
device=cuda method=naive cycle=2 seed=43 -> G:\AIOT_PHASE_03\CONTINUAL-LEARING-PLANT-DESEASE\experiments\part5_turmeric_cl\outputs\naive_cycle2_seed43
stream(cl_cycle2_stream)=207 val=102 test=107
resumed from model.pth
incumbent test: acc=0.8505 f1=0.8478
epoch=01 loss=0.1543 val_acc=0.8627 val_f1=0.8575
epoch=02 loss=0.1983 val_acc=0.8824 val_f1=0.8762
epoch=03 loss=0.2060 val_acc=0.8824 val_f1=0.8762
epoch=04 loss=0.2163 val_acc=0.8725 val_f1=0.8666
epoch=05 loss=0.1072 val_acc=0.9020 val_f1=0.8993
epoch=06 loss=0.1324 val_acc=0.9216 val_f1=0.9212
epoch=07 loss=0.1468 val_acc=0.9118 val_f1=0.9111
epoch=08 loss=0.0921 val_acc=0.8922 val_f1=0.8892
epoch=09 loss=0.1355 val_acc=0.9118 val_f1=0.9088
epoch=10 loss=0.2413 val_acc=0.8922 val_f1=0.8893
epoch=11 loss=0.1019 val_acc=0.8922 val_f1=0.8893
epoch=12 loss=0.0939 val_acc=0.9020 val_f1=0.9000

Saved G:\AIOT_PHASE_03\CONTINUAL-LEARING-PLANT-DESEASE\experiments\part5_turmeric_cl\outputs\naive_cycle2_seed43\checkpoints\model.pth
naive cycle2 test: acc=0.8692 f1=0.8699 (incumbent 0.8505)
device=cuda seed=44 -> G:\AIOT_PHASE_03\CONTINUAL-LEARING-PLANT-DESEASE\experiments\part5_turmeric_cl\outputs\base_seed44
classes: ['Aphids_Disease_', 'Blotch_', 'Dry Leaf_', 'Healthy_Leaf_', 'Leaf_Spot_']
initial_train=417 val=102 test=107
[phase1] epoch=01 loss=0.9939 val_acc=0.5490 val_f1=0.5208
[phase1] epoch=02 loss=0.6248 val_acc=0.5196 val_f1=0.4776
[phase1] epoch=03 loss=0.5154 val_acc=0.5784 val_f1=0.5619
[phase1] epoch=04 loss=0.4990 val_acc=0.5882 val_f1=0.5576
[phase1] epoch=05 loss=0.4534 val_acc=0.6471 val_f1=0.6140
[phase1] epoch=06 loss=0.6457 val_acc=0.6275 val_f1=0.5748
[phase1] epoch=07 loss=0.5568 val_acc=0.7059 val_f1=0.6853
[phase1] epoch=08 loss=0.3979 val_acc=0.7451 val_f1=0.7385
[phase1] epoch=09 loss=0.3906 val_acc=0.7255 val_f1=0.7133
[phase1] epoch=10 loss=0.2652 val_acc=0.7941 val_f1=0.7905
[phase1] epoch=11 loss=0.5255 val_acc=0.7059 val_f1=0.6902
[phase1] epoch=12 loss=0.6256 val_acc=0.7647 val_f1=0.7612
[phase1] epoch=13 loss=0.4329 val_acc=0.8137 val_f1=0.8135
[phase1] epoch=14 loss=0.6232 val_acc=0.7745 val_f1=0.7638
[phase1] epoch=15 loss=0.5214 val_acc=0.8235 val_f1=0.8108
[phase1] epoch=16 loss=0.4946 val_acc=0.7745 val_f1=0.7655
[phase1] epoch=17 loss=0.5680 val_acc=0.7549 val_f1=0.7262
[phase1] epoch=18 loss=0.6035 val_acc=0.8039 val_f1=0.7882
[phase1] epoch=19 loss=0.6404 val_acc=0.8137 val_f1=0.8029
[phase1] epoch=20 loss=0.5101 val_acc=0.7647 val_f1=0.7504
[phase1] epoch=21 loss=0.3146 val_acc=0.8627 val_f1=0.8547
[phase1] epoch=22 loss=0.4084 val_acc=0.8627 val_f1=0.8542
[phase1] epoch=23 loss=0.3878 val_acc=0.7647 val_f1=0.7414
[phase1] epoch=24 loss=0.4988 val_acc=0.7255 val_f1=0.7054
[phase1] epoch=25 loss=0.5936 val_acc=0.9020 val_f1=0.9014
[phase1] epoch=26 loss=0.4409 val_acc=0.7647 val_f1=0.7396
[phase1] epoch=27 loss=0.4933 val_acc=0.7941 val_f1=0.7877
[phase1] epoch=28 loss=0.2152 val_acc=0.8137 val_f1=0.8005
[phase1] epoch=29 loss=0.4988 val_acc=0.8431 val_f1=0.8349
[phase1] epoch=30 loss=0.3266 val_acc=0.8137 val_f1=0.8059
[phase2] epoch=01 loss=0.5197 val_acc=0.7647 val_f1=0.7493
[phase2] epoch=02 loss=0.3383 val_acc=0.8039 val_f1=0.7938
[phase2] epoch=03 loss=0.2774 val_acc=0.8824 val_f1=0.8801
[phase2] epoch=04 loss=0.4046 val_acc=0.7451 val_f1=0.7183
[phase2] epoch=05 loss=0.3920 val_acc=0.7647 val_f1=0.7458
[phase2] epoch=06 loss=0.3732 val_acc=0.8824 val_f1=0.8728
[phase2] epoch=07 loss=0.4005 val_acc=0.8627 val_f1=0.8555
[phase2] epoch=08 loss=0.4605 val_acc=0.8039 val_f1=0.7894
[phase2] epoch=09 loss=0.5165 val_acc=0.7549 val_f1=0.7176
[phase2] epoch=10 loss=0.3536 val_acc=0.7941 val_f1=0.7703
[phase2] epoch=11 loss=0.1420 val_acc=0.8137 val_f1=0.8019
[phase2] early stop at epoch 11

Saved G:\AIOT_PHASE_03\CONTINUAL-LEARING-PLANT-DESEASE\experiments\part5_turmeric_cl\outputs\base_seed44\checkpoints\base_model.pth
BASE test: acc=0.8692 macro_f1=0.8715
G:\AIOT_PHASE_03\CONTINUAL-LEARING-PLANT-DESEASE\experiments\part5_turmeric_cl\code\train_cl_turmeric.py:99: FutureWarning: You are using `torch.load` with `weights_only=False` (the current default value), which uses the default pickle module implicitly. It is possible to construct malicious pickle data which will execute arbitrary code during unpickling (See https://github.com/pytorch/pytorch/blob/main/SECURITY.md#untrusted-models for more details). In a future release, the default value for `weights_only` will be flipped to `True`. This limits the functions that could be executed during unpickling. Arbitrary objects will no longer be allowed to be loaded via this mode unless they are explicitly allowlisted by the user via `torch.serialization.add_safe_globals`. We recommend you start setting `weights_only=True` for any use case where you don't have full control of the loaded file. Please open an issue on GitHub for any issues related to this experimental feature.
  model.load_state_dict(torch.load(base_ckpt, map_location=device), strict=True)
device=cuda method=replay cycle=1 seed=44 -> G:\AIOT_PHASE_03\CONTINUAL-LEARING-PLANT-DESEASE\experiments\part5_turmeric_cl\outputs\replay_cycle1_seed44
stream(cl_cycle1_stream)=210 val=102 test=107
resumed from base_model.pth
incumbent test: acc=0.8692 f1=0.8715
replay buffer: 198 images
epoch=01 loss=0.2529 val_acc=0.8235 val_f1=0.8149
epoch=02 loss=0.1720 val_acc=0.8725 val_f1=0.8670
epoch=03 loss=0.1569 val_acc=0.8725 val_f1=0.8682
epoch=04 loss=0.1683 val_acc=0.8824 val_f1=0.8770
epoch=05 loss=0.1435 val_acc=0.9118 val_f1=0.9057
epoch=06 loss=0.1906 val_acc=0.8922 val_f1=0.8870
epoch=07 loss=0.1459 val_acc=0.8824 val_f1=0.8784
epoch=08 loss=0.1606 val_acc=0.9412 val_f1=0.9404
epoch=09 loss=0.1695 val_acc=0.8333 val_f1=0.8256
epoch=10 loss=0.1274 val_acc=0.8824 val_f1=0.8764
epoch=11 loss=0.1385 val_acc=0.8725 val_f1=0.8677
epoch=12 loss=0.0938 val_acc=0.9118 val_f1=0.9105

Saved G:\AIOT_PHASE_03\CONTINUAL-LEARING-PLANT-DESEASE\experiments\part5_turmeric_cl\outputs\replay_cycle1_seed44\checkpoints\model.pth
replay cycle1 test: acc=0.9533 f1=0.9526 (incumbent 0.8692)
G:\AIOT_PHASE_03\CONTINUAL-LEARING-PLANT-DESEASE\experiments\part5_turmeric_cl\code\train_cl_turmeric.py:99: FutureWarning: You are using `torch.load` with `weights_only=False` (the current default value), which uses the default pickle module implicitly. It is possible to construct malicious pickle data which will execute arbitrary code during unpickling (See https://github.com/pytorch/pytorch/blob/main/SECURITY.md#untrusted-models for more details). In a future release, the default value for `weights_only` will be flipped to `True`. This limits the functions that could be executed during unpickling. Arbitrary objects will no longer be allowed to be loaded via this mode unless they are explicitly allowlisted by the user via `torch.serialization.add_safe_globals`. We recommend you start setting `weights_only=True` for any use case where you don't have full control of the loaded file. Please open an issue on GitHub for any issues related to this experimental feature.
  model.load_state_dict(torch.load(base_ckpt, map_location=device), strict=True)
device=cuda method=replay cycle=2 seed=44 -> G:\AIOT_PHASE_03\CONTINUAL-LEARING-PLANT-DESEASE\experiments\part5_turmeric_cl\outputs\replay_cycle2_seed44
stream(cl_cycle2_stream)=207 val=102 test=107
resumed from model.pth
incumbent test: acc=0.9533 f1=0.9526
replay buffer: 198 images
epoch=01 loss=0.1532 val_acc=0.9020 val_f1=0.8963
epoch=02 loss=0.1991 val_acc=0.8824 val_f1=0.8779
epoch=03 loss=0.0936 val_acc=0.8824 val_f1=0.8770
epoch=04 loss=0.1412 val_acc=0.9020 val_f1=0.8963
epoch=05 loss=0.1131 val_acc=0.9118 val_f1=0.9092
epoch=06 loss=0.1315 val_acc=0.9314 val_f1=0.9283
epoch=07 loss=0.1000 val_acc=0.9216 val_f1=0.9171
epoch=08 loss=0.1193 val_acc=0.8922 val_f1=0.8874
epoch=09 loss=0.0990 val_acc=0.8922 val_f1=0.8874
epoch=10 loss=0.0906 val_acc=0.9216 val_f1=0.9199
epoch=11 loss=0.0620 val_acc=0.9314 val_f1=0.9297
epoch=12 loss=0.0732 val_acc=0.9216 val_f1=0.9199

Saved G:\AIOT_PHASE_03\CONTINUAL-LEARING-PLANT-DESEASE\experiments\part5_turmeric_cl\outputs\replay_cycle2_seed44\checkpoints\model.pth
replay cycle2 test: acc=0.9159 f1=0.9154 (incumbent 0.9533)
G:\AIOT_PHASE_03\CONTINUAL-LEARING-PLANT-DESEASE\experiments\part5_turmeric_cl\code\train_cl_turmeric.py:99: FutureWarning: You are using `torch.load` with `weights_only=False` (the current default value), which uses the default pickle module implicitly. It is possible to construct malicious pickle data which will execute arbitrary code during unpickling (See https://github.com/pytorch/pytorch/blob/main/SECURITY.md#untrusted-models for more details). In a future release, the default value for `weights_only` will be flipped to `True`. This limits the functions that could be executed during unpickling. Arbitrary objects will no longer be allowed to be loaded via this mode unless they are explicitly allowlisted by the user via `torch.serialization.add_safe_globals`. We recommend you start setting `weights_only=True` for any use case where you don't have full control of the loaded file. Please open an issue on GitHub for any issues related to this experimental feature.
  model.load_state_dict(torch.load(base_ckpt, map_location=device), strict=True)
device=cuda method=ewc cycle=1 seed=44 -> G:\AIOT_PHASE_03\CONTINUAL-LEARING-PLANT-DESEASE\experiments\part5_turmeric_cl\outputs\ewc_cycle1_seed44
stream(cl_cycle1_stream)=210 val=102 test=107
resumed from base_model.pth
incumbent test: acc=0.8692 f1=0.8715
fisher over 14 batches (417 imgs), lambda=10000.0
epoch=01 loss=0.2971 val_acc=0.8137 val_f1=0.7997
epoch=02 loss=0.3058 val_acc=0.8333 val_f1=0.8273
epoch=03 loss=0.3020 val_acc=0.8627 val_f1=0.8555
epoch=04 loss=0.3021 val_acc=0.8333 val_f1=0.8228
epoch=05 loss=0.1842 val_acc=0.8137 val_f1=0.8078
epoch=06 loss=0.2810 val_acc=0.8922 val_f1=0.8895
epoch=07 loss=0.2484 val_acc=0.9020 val_f1=0.9009
epoch=08 loss=0.2202 val_acc=0.8725 val_f1=0.8686
epoch=09 loss=0.2658 val_acc=0.8725 val_f1=0.8686
epoch=10 loss=0.1888 val_acc=0.8824 val_f1=0.8788
epoch=11 loss=0.1996 val_acc=0.8824 val_f1=0.8792
epoch=12 loss=0.1692 val_acc=0.8922 val_f1=0.8895

Saved G:\AIOT_PHASE_03\CONTINUAL-LEARING-PLANT-DESEASE\experiments\part5_turmeric_cl\outputs\ewc_cycle1_seed44\checkpoints\model.pth
ewc cycle1 test: acc=0.9065 f1=0.9078 (incumbent 0.8692)
G:\AIOT_PHASE_03\CONTINUAL-LEARING-PLANT-DESEASE\experiments\part5_turmeric_cl\code\train_cl_turmeric.py:99: FutureWarning: You are using `torch.load` with `weights_only=False` (the current default value), which uses the default pickle module implicitly. It is possible to construct malicious pickle data which will execute arbitrary code during unpickling (See https://github.com/pytorch/pytorch/blob/main/SECURITY.md#untrusted-models for more details). In a future release, the default value for `weights_only` will be flipped to `True`. This limits the functions that could be executed during unpickling. Arbitrary objects will no longer be allowed to be loaded via this mode unless they are explicitly allowlisted by the user via `torch.serialization.add_safe_globals`. We recommend you start setting `weights_only=True` for any use case where you don't have full control of the loaded file. Please open an issue on GitHub for any issues related to this experimental feature.
  model.load_state_dict(torch.load(base_ckpt, map_location=device), strict=True)
device=cuda method=ewc cycle=2 seed=44 -> G:\AIOT_PHASE_03\CONTINUAL-LEARING-PLANT-DESEASE\experiments\part5_turmeric_cl\outputs\ewc_cycle2_seed44
stream(cl_cycle2_stream)=207 val=102 test=107
resumed from model.pth
incumbent test: acc=0.9065 f1=0.9078
fisher over 20 batches (627 imgs), lambda=3000.0
epoch=01 loss=0.2460 val_acc=0.8627 val_f1=0.8578
epoch=02 loss=0.2307 val_acc=0.8627 val_f1=0.8559
epoch=03 loss=0.2391 val_acc=0.8627 val_f1=0.8543
epoch=04 loss=0.2323 val_acc=0.8431 val_f1=0.8383
epoch=05 loss=0.2228 val_acc=0.8529 val_f1=0.8490
epoch=06 loss=0.1491 val_acc=0.8725 val_f1=0.8693
epoch=07 loss=0.1549 val_acc=0.8922 val_f1=0.8874
epoch=08 loss=0.1903 val_acc=0.8922 val_f1=0.8874
epoch=09 loss=0.1641 val_acc=0.8922 val_f1=0.8874
epoch=10 loss=0.1634 val_acc=0.8922 val_f1=0.8874
epoch=11 loss=0.1456 val_acc=0.8922 val_f1=0.8872
epoch=12 loss=0.1290 val_acc=0.8922 val_f1=0.8872

Saved G:\AIOT_PHASE_03\CONTINUAL-LEARING-PLANT-DESEASE\experiments\part5_turmeric_cl\outputs\ewc_cycle2_seed44\checkpoints\model.pth
ewc cycle2 test: acc=0.8972 f1=0.8995 (incumbent 0.9065)
G:\AIOT_PHASE_03\CONTINUAL-LEARING-PLANT-DESEASE\experiments\part5_turmeric_cl\code\train_cl_turmeric.py:99: FutureWarning: You are using `torch.load` with `weights_only=False` (the current default value), which uses the default pickle module implicitly. It is possible to construct malicious pickle data which will execute arbitrary code during unpickling (See https://github.com/pytorch/pytorch/blob/main/SECURITY.md#untrusted-models for more details). In a future release, the default value for `weights_only` will be flipped to `True`. This limits the functions that could be executed during unpickling. Arbitrary objects will no longer be allowed to be loaded via this mode unless they are explicitly allowlisted by the user via `torch.serialization.add_safe_globals`. We recommend you start setting `weights_only=True` for any use case where you don't have full control of the loaded file. Please open an issue on GitHub for any issues related to this experimental feature.
  model.load_state_dict(torch.load(base_ckpt, map_location=device), strict=True)
device=cuda method=naive cycle=1 seed=44 -> G:\AIOT_PHASE_03\CONTINUAL-LEARING-PLANT-DESEASE\experiments\part5_turmeric_cl\outputs\naive_cycle1_seed44
stream(cl_cycle1_stream)=210 val=102 test=107
resumed from base_model.pth
incumbent test: acc=0.8692 f1=0.8715
epoch=01 loss=0.2657 val_acc=0.7745 val_f1=0.7520
epoch=02 loss=0.2386 val_acc=0.7647 val_f1=0.7429
epoch=03 loss=0.2375 val_acc=0.8137 val_f1=0.8084
epoch=04 loss=0.1833 val_acc=0.8725 val_f1=0.8729
epoch=05 loss=0.2119 val_acc=0.8922 val_f1=0.8915
epoch=06 loss=0.1837 val_acc=0.8431 val_f1=0.8347
epoch=07 loss=0.1570 val_acc=0.8137 val_f1=0.8071
epoch=08 loss=0.1330 val_acc=0.8627 val_f1=0.8567
epoch=09 loss=0.1784 val_acc=0.8824 val_f1=0.8785
epoch=10 loss=0.1835 val_acc=0.8725 val_f1=0.8708
epoch=11 loss=0.1377 val_acc=0.8824 val_f1=0.8820
epoch=12 loss=0.1382 val_acc=0.9020 val_f1=0.8995

Saved G:\AIOT_PHASE_03\CONTINUAL-LEARING-PLANT-DESEASE\experiments\part5_turmeric_cl\outputs\naive_cycle1_seed44\checkpoints\model.pth
naive cycle1 test: acc=0.9346 f1=0.9349 (incumbent 0.8692)
seeds=[42, 43, 44] methods=['replay', 'ewc', 'naive']

========================================================================
$ G:\AIOT_PHASE_03\CONTINUAL-LEARING-PLANT-DESEASE\experiments\part5_turmeric_cl\code\train_base_turmeric.py --seed 42 --config G:\AIOT_PHASE_03\CONTINUAL-LEARING-PLANT-DESEASE\configs\part5_turmeric_cl.yaml
========================================================================
-- ok in 176.3s

========================================================================
$ G:\AIOT_PHASE_03\CONTINUAL-LEARING-PLANT-DESEASE\experiments\part5_turmeric_cl\code\train_cl_turmeric.py --method replay --cycle 1 --seed 42 --config G:\AIOT_PHASE_03\CONTINUAL-LEARING-PLANT-DESEASE\configs\part5_turmeric_cl.yaml
========================================================================
-- ok in 61.4s

========================================================================
$ G:\AIOT_PHASE_03\CONTINUAL-LEARING-PLANT-DESEASE\experiments\part5_turmeric_cl\code\train_cl_turmeric.py --method replay --cycle 2 --seed 42 --config G:\AIOT_PHASE_03\CONTINUAL-LEARING-PLANT-DESEASE\configs\part5_turmeric_cl.yaml
========================================================================
-- ok in 59.1s

========================================================================
$ G:\AIOT_PHASE_03\CONTINUAL-LEARING-PLANT-DESEASE\experiments\part5_turmeric_cl\code\train_cl_turmeric.py --method ewc --cycle 1 --seed 42 --config G:\AIOT_PHASE_03\CONTINUAL-LEARING-PLANT-DESEASE\configs\part5_turmeric_cl.yaml
========================================================================
-- ok in 40.5s

========================================================================
$ G:\AIOT_PHASE_03\CONTINUAL-LEARING-PLANT-DESEASE\experiments\part5_turmeric_cl\code\train_cl_turmeric.py --method ewc --cycle 2 --seed 42 --config G:\AIOT_PHASE_03\CONTINUAL-LEARING-PLANT-DESEASE\configs\part5_turmeric_cl.yaml
========================================================================
-- ok in 38.6s

========================================================================
$ G:\AIOT_PHASE_03\CONTINUAL-LEARING-PLANT-DESEASE\experiments\part5_turmeric_cl\code\train_cl_turmeric.py --method naive --cycle 1 --seed 42 --config G:\AIOT_PHASE_03\CONTINUAL-LEARING-PLANT-DESEASE\configs\part5_turmeric_cl.yaml
========================================================================
-- ok in 35.7s

========================================================================
$ G:\AIOT_PHASE_03\CONTINUAL-LEARING-PLANT-DESEASE\experiments\part5_turmeric_cl\code\train_cl_turmeric.py --method naive --cycle 2 --seed 42 --config G:\AIOT_PHASE_03\CONTINUAL-LEARING-PLANT-DESEASE\configs\part5_turmeric_cl.yaml
========================================================================
-- ok in 37.1s

========================================================================
$ G:\AIOT_PHASE_03\CONTINUAL-LEARING-PLANT-DESEASE\experiments\part5_turmeric_cl\code\train_base_turmeric.py --seed 43 --config G:\AIOT_PHASE_03\CONTINUAL-LEARING-PLANT-DESEASE\configs\part5_turmeric_cl.yaml
========================================================================
-- ok in 195.7s

========================================================================
$ G:\AIOT_PHASE_03\CONTINUAL-LEARING-PLANT-DESEASE\experiments\part5_turmeric_cl\code\train_cl_turmeric.py --method replay --cycle 1 --seed 43 --config G:\AIOT_PHASE_03\CONTINUAL-LEARING-PLANT-DESEASE\configs\part5_turmeric_cl.yaml
========================================================================
-- ok in 62.7s

========================================================================
$ G:\AIOT_PHASE_03\CONTINUAL-LEARING-PLANT-DESEASE\experiments\part5_turmeric_cl\code\train_cl_turmeric.py --method replay --cycle 2 --seed 43 --config G:\AIOT_PHASE_03\CONTINUAL-LEARING-PLANT-DESEASE\configs\part5_turmeric_cl.yaml
========================================================================
-- ok in 59.7s

========================================================================
$ G:\AIOT_PHASE_03\CONTINUAL-LEARING-PLANT-DESEASE\experiments\part5_turmeric_cl\code\train_cl_turmeric.py --method ewc --cycle 1 --seed 43 --config G:\AIOT_PHASE_03\CONTINUAL-LEARING-PLANT-DESEASE\configs\part5_turmeric_cl.yaml
========================================================================
-- ok in 39.8s

========================================================================
$ G:\AIOT_PHASE_03\CONTINUAL-LEARING-PLANT-DESEASE\experiments\part5_turmeric_cl\code\train_cl_turmeric.py --method ewc --cycle 2 --seed 43 --config G:\AIOT_PHASE_03\CONTINUAL-LEARING-PLANT-DESEASE\configs\part5_turmeric_cl.yaml
========================================================================
-- ok in 39.5s

========================================================================
$ G:\AIOT_PHASE_03\CONTINUAL-LEARING-PLANT-DESEASE\experiments\part5_turmeric_cl\code\train_cl_turmeric.py --method naive --cycle 1 --seed 43 --config G:\AIOT_PHASE_03\CONTINUAL-LEARING-PLANT-DESEASE\configs\part5_turmeric_cl.yaml
========================================================================
-- ok in 34.6s

========================================================================
$ G:\AIOT_PHASE_03\CONTINUAL-LEARING-PLANT-DESEASE\experiments\part5_turmeric_cl\code\train_cl_turmeric.py --method naive --cycle 2 --seed 43 --config G:\AIOT_PHASE_03\CONTINUAL-LEARING-PLANT-DESEASE\configs\part5_turmeric_cl.yaml
========================================================================
-- ok in 35.4s

========================================================================
$ G:\AIOT_PHASE_03\CONTINUAL-LEARING-PLANT-DESEASE\experiments\part5_turmeric_cl\code\train_base_turmeric.py --seed 44 --config G:\AIOT_PHASE_03\CONTINUAL-LEARING-PLANT-DESEASE\configs\part5_turmeric_cl.yaml
========================================================================
-- ok in 174.7s

========================================================================
$ G:\AIOT_PHASE_03\CONTINUAL-LEARING-PLANT-DESEASE\experiments\part5_turmeric_cl\code\train_cl_turmeric.py --method replay --cycle 1 --seed 44 --config G:\AIOT_PHASE_03\CONTINUAL-LEARING-PLANT-DESEASE\configs\part5_turmeric_cl.yaml
========================================================================
-- ok in 60.8s

========================================================================
$ G:\AIOT_PHASE_03\CONTINUAL-LEARING-PLANT-DESEASE\experiments\part5_turmeric_cl\code\train_cl_turmeric.py --method replay --cycle 2 --seed 44 --config G:\AIOT_PHASE_03\CONTINUAL-LEARING-PLANT-DESEASE\configs\part5_turmeric_cl.yaml
========================================================================
-- ok in 58.9s

========================================================================
$ G:\AIOT_PHASE_03\CONTINUAL-LEARING-PLANT-DESEASE\experiments\part5_turmeric_cl\code\train_cl_turmeric.py --method ewc --cycle 1 --seed 44 --config G:\AIOT_PHASE_03\CONTINUAL-LEARING-PLANT-DESEASE\configs\part5_turmeric_cl.yaml
========================================================================
-- ok in 39.1s

========================================================================
$ G:\AIOT_PHASE_03\CONTINUAL-LEARING-PLANT-DESEASE\experiments\part5_turmeric_cl\code\train_cl_turmeric.py --method ewc --cycle 2 --seed 44 --config G:\AIOT_PHASE_03\CONTINUAL-LEARING-PLANT-DESEASE\configs\part5_turmeric_cl.yaml
========================================================================
-- ok in 39.0s

========================================================================
$ G:\AIOT_PHASE_03\CONTINUAL-LEARING-PLANT-DESEASE\experiments\part5_turmeric_cl\code\train_cl_turmeric.py --method naive --cycle 1 --seed 44 --config G:\AIOT_PHASE_03\CONTINUAL-LEARING-PLANT-DESEASE\configs\part5_turmeric_cl.yaml
========================================================================
-- ok in 35.3s

========================================================================
$ G:\AIOT_PHASE_03\CONTINUAL-LEARING-PLANT-DESEASE\experiments\part5_turmeric_cl\code\train_cl_turmeric.py --method naive --cycle 2 --seed 44 --config G:\AIOT_PHASE_03\CONTINUAL-LEARING-PLANT-DESEASE\configs\part5_turmeric_cl.yaml
========================================================================G:\AIOT_PHASE_03\CONTINUAL-LEARING-PLANT-DESEASE\experiments\part5_turmeric_cl\code\train_cl_turmeric.py:99: FutureWarning: You are using `torch.load` with `weights_only=False` (the current default value), which uses the default pickle module implicitly. It is possible to construct malicious pickle data which will execute arbitrary code during unpickling (See https://github.com/pytorch/pytorch/blob/main/SECURITY.md#untrusted-models for more details). In a future release, the default value for `weights_only` will be flipped to `True`. This limits the functions that could be executed during unpickling. Arbitrary objects will no longer be allowed to be loaded via this mode unless they are explicitly allowlisted by the user via `torch.serialization.add_safe_globals`. We recommend you start setting `weights_only=True` for any use case where you don't have full control of the loaded file. Please open an issue on GitHub for any issues related to this experimental feature.
  model.load_state_dict(torch.load(base_ckpt, map_location=device), strict=True)
device=cuda method=naive cycle=2 seed=44 -> G:\AIOT_PHASE_03\CONTINUAL-LEARING-PLANT-DESEASE\experiments\part5_turmeric_cl\outputs\naive_cycle2_seed44
stream(cl_cycle2_stream)=207 val=102 test=107
resumed from model.pth
incumbent test: acc=0.9346 f1=0.9349
epoch=01 loss=0.1641 val_acc=0.9020 val_f1=0.9022
epoch=02 loss=0.2058 val_acc=0.8824 val_f1=0.8797
epoch=03 loss=0.1504 val_acc=0.8725 val_f1=0.8670
epoch=04 loss=0.1821 val_acc=0.8725 val_f1=0.8670
epoch=05 loss=0.0930 val_acc=0.8627 val_f1=0.8577
epoch=06 loss=0.1017 val_acc=0.8824 val_f1=0.8799
epoch=07 loss=0.1065 val_acc=0.8725 val_f1=0.8703
epoch=08 loss=0.2231 val_acc=0.8824 val_f1=0.8808
epoch=09 loss=0.1191 val_acc=0.9412 val_f1=0.9404
epoch=10 loss=0.0754 val_acc=0.9314 val_f1=0.9294
epoch=11 loss=0.1181 val_acc=0.9314 val_f1=0.9294
epoch=12 loss=0.0963 val_acc=0.9314 val_f1=0.9297

Saved G:\AIOT_PHASE_03\CONTINUAL-LEARING-PLANT-DESEASE\experiments\part5_turmeric_cl\outputs\naive_cycle2_seed44\checkpoints\model.pth
naive cycle2 test: acc=0.9065 f1=0.9068 (incumbent 0.9346)

-- ok in 34.3s

========================================================================
ALL RUNS COMPLETE in 22.6 min
next: python analyze_results.py
